// Jest Snapshot v1, https://goo.gl/fbAQLP

exports[`dark theme should match snapshot 1`] = `
<a
  class="bg-bg py-2.5 px-5 rounded-l-sm"
  href="#"
>
  1
</a>
`;

exports[`dark theme should render with no name prop 1`] = `
<a
  class="bg-bg py-2.5 px-5 rounded-l-sm"
  href="#"
>
  1
</a>
`;

exports[`light theme should match snapshot 1`] = `
<a
  class="bg-bg py-2.5 px-5 rounded-l-sm"
  href="#"
>
  1
</a>
`;

exports[`light theme should render with no name prop 1`] = `
<a
  class="bg-bg py-2.5 px-5 rounded-l-sm"
  href="#"
>
  1
</a>
`;
